{
  "label": "//pkg/provider:testdata/DockerKit.scala",
  "kind": "scala_library",
  "files": [
    {
      "filename": "pkg/provider/testdata/DockerKit.scala",
      "imports": [
        "com.github.dockerjava.api.DockerClient",
        "com.github.dockerjava.api.async.ResultCallback",
        "com.github.dockerjava.api.command.CreateContainerResponse",
        "com.github.dockerjava.api.exception.NotFoundException",
        "com.github.dockerjava.api.model.Frame",
        "com.github.dockerjava.core.DefaultDockerClientConfig",
        "com.github.dockerjava.core.DockerClientBuilder",
        "com.typesafe.scalalogging.LazyLogging",
        "scala.collection.JavaConverters._",
        "scala.util.Try"
      ],
      "packages": [
        "container.testing"
      ],
      "classes": [
        "container.testing.LoggingCallback"
      ],
      "objects": [
        "container.testing.DockerKit"
      ],
      "traits": [
        "container.testing.DockerKit"
      ],
      "names": [
        "Adapter",
        "Boolean",
        "CreateContainerResponse",
        "DefaultDockerClientConfig",
        "DefaultDockerClientConfig.createDefaultConfigBuilder",
        "DefaultDockerClientConfig.createDefaultConfigBuilder.withDockerTlsVerify",
        "DockerClient",
        "DockerClientBuilder",
        "DockerClientBuilder.getInstance",
        "DockerKit",
        "DockerKit.dockerClient",
        "Frame",
        "Int",
        "LazyLogging",
        "LoggingCallback",
        "NotFoundException",
        "ResultCallback",
        "ResultCallback.Adapter",
        "String",
        "StringBuffer",
        "System",
        "System.currentTimeMillis",
        "TestConfig",
        "Thread",
        "Thread.sleep",
        "Throwable",
        "Try",
        "Unit"
      ],
      "extends": {
        "class container.testing.LoggingCallback": {
          "classes": [
            "ResultCallback.Adapter"
          ]
        },
        "object container.testing.DockerKit": {
          "classes": [
            "TestConfig",
            "com.typesafe.scalalogging.LazyLogging"
          ]
        },
        "trait container.testing.DockerKit": {
          "classes": [
            "TestConfig",
            "com.typesafe.scalalogging.LazyLogging"
          ]
        }
      }
    }
  ]
}