{
  "label": "//pkg/provider:testdata/FullyQualified.scala",
  "kind": "scala_library",
  "files": [
    {
      "filename": "testdata/FullyQualified.scala",
      "imports": [
        "sk.ygor.stackoverflow.q53326545.macros.ExampleMacro.methodName"
      ],
      "packages": [
        "foo"
      ],
      "objects": [
        "foo.Main"
      ],
      "names": [
        "Array",
        "Main",
        "Map",
        "String",
        "Unit",
        "java.dx.Map"
      ]
    }
  ]
}