{
  "label": "//pkg/provider:testdata/UserId.scala",
  "kind": "scala_library",
  "files": [
    {
      "filename": "testdata/UserId.scala",
      "packages": [
        "common.types"
      ],
      "classes": [
        "common.types.UserId"
      ],
      "objects": [
        "common.types.UserId"
      ],
      "names": [
        "AnyVal",
        "Int",
        "TypeMapper",
        "UserId",
        "scalapb.TypeMapper"
      ],
      "extends": {
        "class common.types.UserId": {
          "classes": [
            "AnyVal"
          ]
        }
      }
    }
  ]
}